// Jest Snapshot v1, https://goo.gl/fbAQLP

exports[`CreateForm should match the snapshot 1`] = `
<View
  style={
    Object {
      "backgroundColor": "orange",
      "flex": 1,
    }
  }
>
  <TextInput
    allowFontScaling={true}
    keyboardType="email-address"
    onChangeText={[Function]}
    placeholder="FormName"
    returnKeyType="next"
    style={
      Object {
        "backgroundColor": "rgba(255,255,255,0.2)",
        "color": "#FFF",
        "height": 40,
        "marginBottom": 10,
        "paddingHorizontal": 10,
      }
    }
    underlineColorAndroid="transparent"
    value=""
  />
  <View
    accessible={true}
    isTVSelectable={true}
    onResponderGrant={[Function]}
    onResponderMove={[Function]}
    onResponderRelease={[Function]}
    onResponderTerminate={[Function]}
    onResponderTerminationRequest={[Function]}
    onStartShouldSetResponder={[Function]}
    style={
      Object {
        "backgroundColor": "#2980b9",
        "left": 300,
        "opacity": 1,
        "paddingVertical": 15,
        "width": 70,
      }
    }
  >
    <Text
      style={
        Object {
          "color": "#FFFFFF",
          "fontWeight": "700",
          "textAlign": "center",
        }
      }
    >
      Add Field
    </Text>
  </View>
  <RCTScrollView>
    <View />
  </RCTScrollView>
  <View
    accessible={true}
    isTVSelectable={true}
    onResponderGrant={[Function]}
    onResponderMove={[Function]}
    onResponderRelease={[Function]}
    onResponderTerminate={[Function]}
    onResponderTerminationRequest={[Function]}
    onStartShouldSetResponder={[Function]}
    style={
      Object {
        "backgroundColor": "#2980b9",
        "bottom": 0,
        "opacity": 1,
        "paddingVertical": 15,
        "position": "absolute",
        "width": "100%",
      }
    }
  >
    <Text
      style={
        Object {
          "color": "#FFFFFF",
          "fontWeight": "700",
          "textAlign": "center",
        }
      }
    >
      Save
    </Text>
  </View>
</View>
`;
