// Jest Snapshot v1, https://goo.gl/fbAQLP

exports[`NavBar should match the snapshot 1`] = `
<View
  style={
    Object {
      "backgroundColor": "darkblue",
      "height": 50,
      "justifyContent": "space-between",
      "top": 0,
    }
  }
>
  <Text
    style={
      Object {
        "color": "white",
        "fontSize": 30,
        "marginLeft": 20,
      }
    }
  >
    Awesome Forms
  </Text>
</View>
`;
